exports[`LinkList Default 1`] = `
<div
  className="container">
  <div
    className="title">
    Basic link list
  </div>
  <div
    className="content">
    <ul>
      <li>
        <a
          href="/">
          Link 1
        </a>
      </li>
      <li>
        <a
          href="/">
          Link 2
        </a>
      </li>
      <li>
        <a
          href="/">
          Link 3
        </a>
      </li>
    </ul>
  </div>
</div>
`;
