exports[`Meta Default 1`] = `
<div
  className="meta">
  Faded text
</div>
`;
